// Jest Snapshot v1, https://goo.gl/fbAQLP

exports[`reactivateTeamMembersAndMakeNotifications reactivates the team member and notifies them that they are back on the team 1`] = `
Object {
  "notification": Array [
    Object {
      "id": 6,
      "orgId": 4,
      "startAt": 2017-01-01T08:00:00.000Z,
      "teamId": 2,
      "teamName": "Team America",
      "type": "ADD_TO_TEAM",
      "userIds": Array [
        3,
      ],
    },
  ],
  "teamMember": Object {
    "checkInOrder": 1,
    "email": "james.rhodes@avengers.org",
    "id": 0,
    "isFacilitator": false,
    "isLead": false,
    "isNotRemoved": true,
    "picture": "https://placeimg.com/100/100/animals",
    "preferredName": "War Machine",
    "teamId": 2,
    "userId": 3,
  },
  "user": Object {
    "cachedAt": 2017-01-01T07:00:00.000Z,
    "createdAt": 2017-01-01T07:00:00.000Z,
    "email": "james.rhodes@avengers.org",
    "emailVerified": false,
    "id": 3,
    "identities": Array [],
    "inactive": false,
    "lastLogin": 2017-01-01T07:00:00.000Z,
    "lastSeenAt": 2017-01-01T07:00:00.000Z,
    "name": "James Rhodes",
    "picture": "https://placeimg.com/100/100/animals",
    "preferredName": "War Machine",
    "tms": Array [
      2,
    ],
    "updatedAt": 2017-01-01T07:00:00.000Z,
    "userOrgs": Array [
      Object {
        "id": 4,
        "role": null,
      },
      Object {
        "id": 5,
        "role": null,
      },
    ],
    "welcomeSentAt": 2017-01-01T07:00:00.000Z,
  },
}
`;
